// Jest Snapshot v1, https://goo.gl/fbAQLP

exports[`Render VMStatusConditionLabelList 1`] = `
<DocumentFragment>
  <div
    class="pf-v5-c-label-group"
  >
    <div
      class="pf-v5-c-label-group__main"
    >
      <ul
        aria-label="Label group category"
        class="pf-v5-c-label-group__list"
        role="list"
      >
        <li
          class="pf-v5-c-label-group__list-item"
        >
          <div
            style="display: contents;"
          >
            <span
              class="pf-v5-c-label"
            >
              <a
                class="pf-v5-c-label__content"
                href="#"
              >
                <span
                  class="pf-v5-c-label__text"
                >
                  Failure=true
                </span>
              </a>
            </span>
          </div>
        </li>
        <li
          class="pf-v5-c-label-group__list-item"
        >
          <div
            style="display: contents;"
          >
            <span
              class="pf-v5-c-label"
            >
              <a
                class="pf-v5-c-label__content"
                href="#"
              >
                <span
                  class="pf-v5-c-label__text"
                >
                  Ready=true
                </span>
              </a>
            </span>
          </div>
        </li>
      </ul>
    </div>
  </div>
</DocumentFragment>
`;
