// Jest Snapshot v1, https://goo.gl/fbAQLP

exports[`Render VMStatusConditionLabelList 1`] = `
<DocumentFragment>
  <div
    class="pf-c-label-group"
  >
    <div
      class="pf-c-label-group__main"
    >
      <ul
        aria-label="Label group category"
        class="pf-c-label-group__list"
        role="list"
      >
        <li
          class="pf-c-label-group__list-item"
        >
          <span
            class="pf-c-label"
          >
            <a
              class="pf-c-label__content"
              href="#"
            >
              <span
                class="pf-c-label__text"
              >
                no_vmi=true
              </span>
            </a>
          </span>
        </li>
        <li
          class="pf-c-label-group__list-item"
        >
          <span
            class="pf-c-label"
          >
            <a
              class="pf-c-label__content"
              href="#"
            >
              <span
                class="pf-c-label__text"
              >
                ready=true
              </span>
            </a>
          </span>
        </li>
      </ul>
    </div>
  </div>
</DocumentFragment>
`;
